LTspice 24.1.5 for Windows
Circuit: C:\Users\ramaz\Desktop\Circuitos II\TP-TA138-G7\Simulación\BUCK\Compensación.net
Start Time: Sun Jun 28 15:16:23 2026
Options: gmin=1e-10  abstol=1e-10  reltol=0.003  cshunt=1e-15
solver = Normal
Maximum thread count: 12
tnom = 27
temp = 27
method = trap
gmin = 1e-10
abstol = 1e-10
reltol = 0.003
Singular matrix:  Check nodes b1#branch and u1:10
   Iteration No. 2
Direct Newton iteration failed to find .op point.  (Use ".option noopiter" to skip.)
Starting Gmin stepping
Increasing initial diagonal Gmin to 100
Increasing initial diagonal Gmin to 1000
Increasing initial diagonal Gmin to 10000
Increasing initial diagonal Gmin to 100000
Increasing initial diagonal Gmin to 1e+06
Initial Gmin=1e+06 failed
Gmin stepping failed

Starting source stepping with srcstepmethod=0
Source Step = 3.0303%
vernier = 0.25
Source Step = 1.70455%
Source Step = 3.59848%
Source Step = 5.49242%
Source Step = 7.38636%
Source Step = 9.2803%
vernier = 0.09375
Source Step = 11.9318%
Source Step = 14.7727%
Source Step = 17.6136%
Source Step = 20.4545%
Source Step = 23.2955%
vernier = 0.140625
Source Step = 27.1307%
Source Step = 31.392%
Source Step = 35.6534%
Source Step = 39.9148%
Source Step = 44.1761%
vernier = 0.210938
Source Step = 49.7159%
Source Step = 56.108%
Source Step = 62.5%
Source Step = 68.892%
Source Step = 75.2841%
vernier = 0.316406
Source Step = 83.2741%
Source Step = 92.8622%
Source stepping succeeded in finding the operating point.

Total elapsed time: 0.225 seconds.

Files loaded:
C:\Users\ramaz\Desktop\Circuitos II\TP-TA138-G7\Simulación\BUCK\Compensación.net
C:\Users\ramaz\Desktop\Circuitos II\TP-TA138-G7\Simulación\BUCK\Modelos\lm393.lib
C:\Users\ramaz\Desktop\Circuitos II\TP-TA138-G7\Simulación\BUCK\Modelos\TL082.txt
C:\Users\ramaz\Desktop\Circuitos II\TP-TA138-G7\Simulación\BUCK\Modelos\lm358.txt
C:\Users\ramaz\Desktop\Circuitos II\TP-TA138-G7\Simulación\BUCK\Modelos\TL431.spi
C:\Users\ramaz\Desktop\Circuitos II\TP-TA138-G7\Simulación\BUCK\LM319.txt
C:\Users\ramaz\Desktop\Circuitos II\TP-TA138-G7\Simulación\BUCK\Modelos\irf3205.spi
C:\Users\ramaz\Desktop\Circuitos II\TP-TA138-G7\Simulación\BUCK\Modelos\ir2111.lib
C:\Users\ramaz\Desktop\Circuitos II\TP-TA138-G7\Simulación\BUCK\Modelos\MBR360RL.LIB
C:\Users\ramaz\Desktop\Circuitos II\TP-TA138-G7\Simulación\BUCK\Compensacion\average.lib
C:\Users\ramaz\Desktop\Circuitos II\TP-TA138-G7\Simulación\BUCK\Compensacion\switching.lib

