LTspice 24.0.12 for Windows
Circuit: * C:\Users\ramaz\Desktop\Circuitos II\TP-TA138-G7\Simulación\BUCK\Compensacion\boost_switching_CL.asc
Start Time: Tue Jun 23 18:41:59 2026
solver = Normal
Maximum thread count: 8



reltol = 0.0005
Direct Newton iteration failed to find .op point.  (Use ".option noopiter" to skip.)
Starting Gmin stepping
Gmin = 10
Gmin = 1.07374
Gmin = 0.115292
Gmin = 0.0123794
Gmin = 0.00132923
Gmin = 0.000142725
Gmin = 1.5325e-05
Gmin = 1.6455e-06
Gmin = 1.76685e-07
Gmin = 1.89714e-08
Gmin = 2.03704e-09
Gmin = 2.18725e-10
Gmin = 2.34854e-11
Gmin = 2.52173e-12
Gmin = 2.70769e-13
Gmin = 0
Gmin stepping succeeded in finding the operating point.

Ignoring empty pin current: Ix(u1:1)
Ignoring empty pin current: Ix(u1:2)
Ignoring empty pin current: Ix(u1:3)
Ignoring empty pin current: Ix(u1:4)
Ignoring empty pin current: Ix(u1:5)
Ignoring empty pin current: Ix(u2:vc)
Ignoring empty pin current: Ix(u1:1)
Ignoring empty pin current: Ix(u1:2)
Ignoring empty pin current: Ix(u1:3)
Ignoring empty pin current: Ix(u1:4)
Ignoring empty pin current: Ix(u1:5)
Ignoring empty pin current: Ix(u2:vc)
.step rload=8
tnom = 27
temp = 27
method = modified trap
.step rload=20
Total elapsed time: 394.211 seconds.

